MSBuild version 18.0.5+e22287bf1 for .NET Framework

  obfuscator.vcxproj -> C:\Users\snave\Desktop\Obfuscate_LLVM\build\src\tools\obfuscator\Release\obfuscator.exe
